------- ast extension v0.8 summary -------
  Generated 49 base classes
  Generated 118 derived classes
  Generated 8 record classes
  Generated interface SyntaxNode
  Generated interface Visitor
  Generated adapter class VisitorAdaptor
-----------------------------------------------
